// Jest Snapshot v1, https://goo.gl/fbAQLP

exports[`should render Header correctly 1`] = `
<header
  className="header"
>
  <div
    className="content-container"
  >
    <div
      className="header__content"
    >
      <Link
        className="header__title"
        exact={true}
        replace={false}
        to="/"
      >
        <h1>
          Expense App
        </h1>
      </Link>
      <Link
        className="button"
        id="git"
        replace={false}
        to="https://github.com/SevanBadal"
      >
        My github
      </Link>
    </div>
  </div>
</header>
`;
